// Jest Snapshot v1, https://goo.gl/fbAQLP

exports[`renders without crashing 1`] = `
<div>
  <div
    class="App Layout-root-1"
  >
    <header
      class="MuiPaper-root-20 MuiPaper-elevation4-26 MuiAppBar-root-11 MuiAppBar-positionFixed-12 MuiAppBar-colorPrimary-18 mui-fixed Layout-appBar-2"
    >
      <div
        class="MuiToolbar-root-47 MuiToolbar-regular-49"
      >
        <button
          aria-label="Open drawer"
          class="MuiButtonBase-root-57 MuiIconButton-root-51 MuiIconButton-colorInherit-52 Layout-menuButton-4"
          tabindex="0"
          type="button"
        >
          <span
            class="MuiIconButton-label-56"
          >
            <svg
              aria-hidden="true"
              class="MuiSvgIcon-root-60"
              focusable="false"
              role="presentation"
              viewBox="0 0 24 24"
            >
              <path
                d="M0 0h24v24H0z"
                fill="none"
              />
              <path
                d="M3 18h18v-2H3v2zm0-5h18v-2H3v2zm0-7v2h18V6H3z"
              />
            </svg>
          </span>
          <span
            class="MuiTouchRipple-root-142"
          />
        </button>
        <h6
          class="MuiTypography-root-69 MuiTypography-h6-86 MuiTypography-colorInherit-98 MuiTypography-noWrap-95"
        >
          My App
        </h6>
      </div>
    </header>
    <div
      class="MuiDrawer-root-104 MuiDrawer-docked-105 Layout-drawer-6 Layout-drawerClose-8"
    >
      <div
        class="MuiPaper-root-20 MuiPaper-elevation0-22 MuiDrawer-paper-106 Layout-drawerClose-8 MuiDrawer-paperAnchorLeft-107 MuiDrawer-paperAnchorDockedLeft-111"
      >
        <div
          class="Layout-toolbar-9"
        >
          <button
            class="MuiButtonBase-root-57 MuiIconButton-root-51"
            tabindex="0"
            type="button"
          >
            <span
              class="MuiIconButton-label-56"
            >
              <svg
                aria-hidden="true"
                class="MuiSvgIcon-root-60"
                focusable="false"
                role="presentation"
                viewBox="0 0 24 24"
              >
                <path
                  d="M15.41 7.41L14 6l-6 6 6 6 1.41-1.41L10.83 12z"
                />
                <path
                  d="M0 0h24v24H0z"
                  fill="none"
                />
              </svg>
            </span>
            <span
              class="MuiTouchRipple-root-142"
            />
          </button>
        </div>
        <hr
          class="MuiDivider-root-116"
        />
        <ul
          class="MuiList-root-120 MuiList-padding-121"
        >
          <a
            class="MuiButtonBase-root-57 MuiListItem-root-124 MuiListItem-default-127 MuiListItem-gutters-131 MuiListItem-button-132 MuiListItem-selected-134"
            href="/"
            role="button"
            tabindex="0"
          >
            <div
              class="MuiListItemIcon-root-135"
            >
              <svg
                aria-hidden="true"
                class="MuiSvgIcon-root-60"
                focusable="false"
                role="presentation"
                viewBox="0 0 24 24"
              >
                <path
                  d="M10 20v-6h4v6h5v-8h3L12 3 2 12h3v8z"
                />
                <path
                  d="M0 0h24v24H0z"
                  fill="none"
                />
              </svg>
            </div>
            <div
              class="MuiListItemText-root-136"
            >
              <span
                class="MuiTypography-root-69 MuiTypography-subheading-76 MuiListItemText-primary-139"
              >
                Home
              </span>
            </div>
            <span
              class="MuiTouchRipple-root-142"
            />
          </a>
          <a
            class="MuiButtonBase-root-57 MuiListItem-root-124 MuiListItem-default-127 MuiListItem-gutters-131 MuiListItem-button-132"
            href="/dashboard"
            role="button"
            tabindex="0"
          >
            <div
              class="MuiListItemIcon-root-135"
            >
              <svg
                aria-hidden="true"
                class="MuiSvgIcon-root-60"
                focusable="false"
                role="presentation"
                viewBox="0 0 24 24"
              >
                <path
                  d="M0 0h24v24H0z"
                  fill="none"
                />
                <path
                  d="M3 13h8V3H3v10zm0 8h8v-6H3v6zm10 0h8V11h-8v10zm0-18v6h8V3h-8z"
                />
              </svg>
            </div>
            <div
              class="MuiListItemText-root-136"
            >
              <span
                class="MuiTypography-root-69 MuiTypography-subheading-76 MuiListItemText-primary-139"
              >
                Dashboard
              </span>
            </div>
            <span
              class="MuiTouchRipple-root-142"
            />
          </a>
          <a
            class="MuiButtonBase-root-57 MuiListItem-root-124 MuiListItem-default-127 MuiListItem-gutters-131 MuiListItem-button-132"
            href="/about"
            role="button"
            tabindex="0"
          >
            <div
              class="MuiListItemIcon-root-135"
            >
              <svg
                aria-hidden="true"
                class="MuiSvgIcon-root-60"
                focusable="false"
                role="presentation"
                viewBox="0 0 24 24"
              >
                <path
                  d="M0 0h24v24H0z"
                  fill="none"
                />
                <path
                  d="M19 2H5c-1.11 0-2 .9-2 2v14c0 1.1.89 2 2 2h4l3 3 3-3h4c1.1 0 2-.9 2-2V4c0-1.1-.9-2-2-2zm-6 16h-2v-2h2v2zm2.07-7.75l-.9.92C13.45 11.9 13 12.5 13 14h-2v-.5c0-1.1.45-2.1 1.17-2.83l1.24-1.26c.37-.36.59-.86.59-1.41 0-1.1-.9-2-2-2s-2 .9-2 2H8c0-2.21 1.79-4 4-4s4 1.79 4 4c0 .88-.36 1.68-.93 2.25z"
                />
              </svg>
            </div>
            <div
              class="MuiListItemText-root-136"
            >
              <span
                class="MuiTypography-root-69 MuiTypography-subheading-76 MuiListItemText-primary-139"
              >
                About
              </span>
            </div>
            <span
              class="MuiTouchRipple-root-142"
            />
          </a>
        </ul>
      </div>
    </div>
    <main
      class="Layout-content-10"
    >
      <div
        class="Layout-toolbar-9"
      />
      <p
        class="MuiTypography-root-69 MuiTypography-body1-78 MuiTypography-paragraph-97"
      >
        Lorem ipsum dolor sit amet, consectetur adipiscing elit, sed do eiusmod tempor incididunt ut labore et dolore magna aliqua. Rhoncus dolor purus non enim praesent elementum facilisis leo vel. Risus at ultrices mi tempus imperdiet. Semper risus in hendrerit gravida rutrum quisque non tellus. Convallis convallis tellus id interdum velit laoreet id donec ultrices. Odio morbi quis commodo odio aenean sed adipiscing. Amet nisl suscipit adipiscing bibendum est ultricies integer quis. Cursus euismod quis viverra nibh cras. Metus vulputate eu scelerisque felis imperdiet proin fermentum leo. Mauris commodo quis imperdiet massa tincidunt. Cras tincidunt lobortis feugiat vivamus at augue. At augue eget arcu dictum varius duis at consectetur lorem. Velit sed ullamcorper morbi tincidunt. Lorem donec massa sapien faucibus et molestie ac.
      </p>
      <p
        class="MuiTypography-root-69 MuiTypography-body1-78 MuiTypography-paragraph-97"
      >
        Consequat mauris nunc congue nisi vitae suscipit. Fringilla est ullamcorper eget nulla facilisi etiam dignissim diam. Pulvinar elementum integer enim neque volutpat ac tincidunt. Ornare suspendisse sed nisi lacus sed viverra tellus. Purus sit amet volutpat consequat mauris. Elementum eu facilisis sed odio morbi. Euismod lacinia at quis risus sed vulputate odio. Morbi tincidunt ornare massa eget egestas purus viverra accumsan in. In hendrerit gravida rutrum quisque non tellus orci ac. Pellentesque nec nam aliquam sem et tortor. Habitant morbi tristique senectus et. Adipiscing elit duis tristique sollicitudin nibh sit. Ornare aenean euismod elementum nisi quis eleifend. Commodo viverra maecenas accumsan lacus vel facilisis. Nulla posuere sollicitudin aliquam ultrices sagittis orci a.
      </p>
    </main>
  </div>
</div>
`;
